// Jest Snapshot v1, https://goo.gl/fbAQLP

exports[`renders correctly with rating 5 1`] = `
<View
  style={
    {
      "flexDirection": "row",
    }
  }
>
  <Text />
  <Text />
  <Text />
  <Text />
  <Text />
</View>
`;
